C:\Users\wongjl\Desktop\job\Github\ipc-Hermes1.5\NAINV104C00R8L515F00\Temp\Includes\AS_TempDecl\Inverter_XClamp_WShutter_\GlobalComponents\MpComponents.var
C:\Users\wongjl\Desktop\job\Github\ipc-Hermes1.5\NAINV104C00R8L515F00\Logical\SoftwareVersion.var
C:\Users\wongjl\Desktop\job\Github\ipc-Hermes1.5\NAINV104C00R8L515F00\Logical\Libraries\standard\standard.fun
C:\Users\wongjl\Desktop\job\Github\ipc-Hermes1.5\NAINV104C00R8L515F00\Logical\Libraries\standard\standard.typ
C:\Users\wongjl\Desktop\job\Github\ipc-Hermes1.5\NAINV104C00R8L515F00\Logical\Libraries\standard\standard.var
C:\Users\wongjl\Desktop\job\Github\ipc-Hermes1.5\NAINV104C00R8L515F00\Logical\Libraries\runtime\runtime.fun
C:\Users\wongjl\Desktop\job\Github\ipc-Hermes1.5\NAINV104C00R8L515F00\Logical\Libraries\runtime\runtime.typ
C:\Users\wongjl\Desktop\job\Github\ipc-Hermes1.5\NAINV104C00R8L515F00\Logical\Libraries\runtime\runtime.var
C:\Users\wongjl\Desktop\job\Github\ipc-Hermes1.5\NAINV104C00R8L515F00\Logical\Libraries\astime\astime.fun
C:\Users\wongjl\Desktop\job\Github\ipc-Hermes1.5\NAINV104C00R8L515F00\Logical\Libraries\astime\astime.typ
C:\Users\wongjl\Desktop\job\Github\ipc-Hermes1.5\NAINV104C00R8L515F00\Logical\Libraries\astime\astime.var
C:\Users\wongjl\Desktop\job\Github\ipc-Hermes1.5\NAINV104C00R8L515F00\Logical\Libraries\asstring\asstring.fun
C:\Users\wongjl\Desktop\job\Github\ipc-Hermes1.5\NAINV104C00R8L515F00\Logical\Libraries\asstring\asstring.typ
C:\Users\wongjl\Desktop\job\Github\ipc-Hermes1.5\NAINV104C00R8L515F00\Logical\Libraries\asstring\asstring.var
C:\Users\wongjl\Desktop\job\Github\ipc-Hermes1.5\NAINV104C00R8L515F00\Logical\Libraries\operator\operator.fun
C:\Users\wongjl\Desktop\job\Github\ipc-Hermes1.5\NAINV104C00R8L515F00\Logical\Libraries\operator\operator.typ
C:\Users\wongjl\Desktop\job\Github\ipc-Hermes1.5\NAINV104C00R8L515F00\Logical\Libraries\operator\operator.var
C:\Users\wongjl\Desktop\job\Github\ipc-Hermes1.5\NAINV104C00R8L515F00\Logical\Libraries\AsIecCon\AsIecCon.fun
C:\Users\wongjl\Desktop\job\Github\ipc-Hermes1.5\NAINV104C00R8L515F00\Logical\Libraries\AsIecCon\AsIecCon.typ
C:\Users\wongjl\Desktop\job\Github\ipc-Hermes1.5\NAINV104C00R8L515F00\Logical\Libraries\AsIecCon\AsIecCon.var
C:\Users\wongjl\Desktop\job\Github\ipc-Hermes1.5\NAINV104C00R8L515F00\Logical\Libraries\AsCANopen\AsCANopen.fun
C:\Users\wongjl\Desktop\job\Github\ipc-Hermes1.5\NAINV104C00R8L515F00\Logical\Libraries\AsCANopen\AsCANopen.typ
C:\Users\wongjl\Desktop\job\Github\ipc-Hermes1.5\NAINV104C00R8L515F00\Logical\Libraries\AsCANopen\AsCANopen.var
C:\Users\wongjl\Desktop\job\Github\ipc-Hermes1.5\NAINV104C00R8L515F00\Logical\Libraries\visapi\Visapi.typ
C:\Users\wongjl\Desktop\job\Github\ipc-Hermes1.5\NAINV104C00R8L515F00\Logical\Libraries\visapi\Visapi.fun
C:\Users\wongjl\Desktop\job\Github\ipc-Hermes1.5\NAINV104C00R8L515F00\Logical\Libraries\visapi\Visapi.var
C:\Users\wongjl\Desktop\job\Github\ipc-Hermes1.5\NAINV104C00R8L515F00\Logical\Libraries\FileIO\FileIO.fun
C:\Users\wongjl\Desktop\job\Github\ipc-Hermes1.5\NAINV104C00R8L515F00\Logical\Libraries\FileIO\FileIO.typ
C:\Users\wongjl\Desktop\job\Github\ipc-Hermes1.5\NAINV104C00R8L515F00\Logical\Libraries\FileIO\FileIO.var
C:\Users\wongjl\Desktop\job\Github\ipc-Hermes1.5\NAINV104C00R8L515F00\Logical\Libraries\AsIODiag\AsIODiag.fun
C:\Users\wongjl\Desktop\job\Github\ipc-Hermes1.5\NAINV104C00R8L515F00\Logical\Libraries\AsIODiag\AsIODiag.typ
C:\Users\wongjl\Desktop\job\Github\ipc-Hermes1.5\NAINV104C00R8L515F00\Logical\Libraries\AsIODiag\AsIODiag.var
C:\Users\wongjl\Desktop\job\Github\ipc-Hermes1.5\NAINV104C00R8L515F00\Logical\Libraries\AsMem\AsMem.fun
C:\Users\wongjl\Desktop\job\Github\ipc-Hermes1.5\NAINV104C00R8L515F00\Logical\Libraries\AsMem\AsMem.typ
C:\Users\wongjl\Desktop\job\Github\ipc-Hermes1.5\NAINV104C00R8L515F00\Logical\Libraries\AsMem\AsMem.var
C:\Users\wongjl\Desktop\job\Github\ipc-Hermes1.5\NAINV104C00R8L515F00\Logical\Libraries\dvframe\dvframe.fun
C:\Users\wongjl\Desktop\job\Github\ipc-Hermes1.5\NAINV104C00R8L515F00\Logical\Libraries\dvframe\dvframe.typ
C:\Users\wongjl\Desktop\job\Github\ipc-Hermes1.5\NAINV104C00R8L515F00\Logical\Libraries\dvframe\dvframe.var
C:\Users\wongjl\Desktop\job\Github\ipc-Hermes1.5\NAINV104C00R8L515F00\Logical\Libraries\AsOpcUac\AsOpcUac.fun
C:\Users\wongjl\Desktop\job\Github\ipc-Hermes1.5\NAINV104C00R8L515F00\Logical\Libraries\AsOpcUac\AsOpcUac.typ
C:\Users\wongjl\Desktop\job\Github\ipc-Hermes1.5\NAINV104C00R8L515F00\Logical\Libraries\AsOpcUac\AsOpcUac.var
C:\Users\wongjl\Desktop\job\Github\ipc-Hermes1.5\NAINV104C00R8L515F00\Logical\Libraries\AsARCfg\AsARCfg.fun
C:\Users\wongjl\Desktop\job\Github\ipc-Hermes1.5\NAINV104C00R8L515F00\Logical\Libraries\AsARCfg\AsARCfg.typ
C:\Users\wongjl\Desktop\job\Github\ipc-Hermes1.5\NAINV104C00R8L515F00\Logical\Libraries\AsARCfg\AsARCfg.var
C:\Users\wongjl\Desktop\job\Github\ipc-Hermes1.5\NAINV104C00R8L515F00\Logical\Libraries\sys_lib\sys_lib.fun
C:\Users\wongjl\Desktop\job\Github\ipc-Hermes1.5\NAINV104C00R8L515F00\Logical\Libraries\sys_lib\sys_lib.typ
C:\Users\wongjl\Desktop\job\Github\ipc-Hermes1.5\NAINV104C00R8L515F00\Logical\Libraries\sys_lib\sys_lib.var
C:\Users\wongjl\Desktop\job\Github\ipc-Hermes1.5\NAINV104C00R8L515F00\Logical\Libraries\AsTCP\AsTCP.fun
C:\Users\wongjl\Desktop\job\Github\ipc-Hermes1.5\NAINV104C00R8L515F00\Logical\Libraries\AsTCP\AsTCP.typ
C:\Users\wongjl\Desktop\job\Github\ipc-Hermes1.5\NAINV104C00R8L515F00\Logical\Libraries\AsTCP\AsTCP.var
C:\Users\wongjl\Desktop\job\Github\ipc-Hermes1.5\NAINV104C00R8L515F00\Logical\Libraries\AsIORTI\AsIORTI.fun
C:\Users\wongjl\Desktop\job\Github\ipc-Hermes1.5\NAINV104C00R8L515F00\Logical\Libraries\AsIORTI\AsIORTI.typ
C:\Users\wongjl\Desktop\job\Github\ipc-Hermes1.5\NAINV104C00R8L515F00\Logical\Libraries\AsIORTI\AsIORTI.var
C:\Users\wongjl\Desktop\job\Github\ipc-Hermes1.5\NAINV104C00R8L515F00\Logical\Libraries\brsystem\brsystem.fun
C:\Users\wongjl\Desktop\job\Github\ipc-Hermes1.5\NAINV104C00R8L515F00\Logical\Libraries\brsystem\brsystem.typ
C:\Users\wongjl\Desktop\job\Github\ipc-Hermes1.5\NAINV104C00R8L515F00\Logical\Libraries\brsystem\brsystem.var
C:\Users\wongjl\Desktop\job\Github\ipc-Hermes1.5\NAINV104C00R8L515F00\Logical\Libraries\AsFltGen\AsFltGen.fun
C:\Users\wongjl\Desktop\job\Github\ipc-Hermes1.5\NAINV104C00R8L515F00\Logical\Libraries\AsFltGen\AsFltGen.typ
C:\Users\wongjl\Desktop\job\Github\ipc-Hermes1.5\NAINV104C00R8L515F00\Logical\Libraries\AsFltGen\AsFltGen.var
C:\Users\wongjl\Desktop\job\Github\ipc-Hermes1.5\NAINV104C00R8L515F00\Logical\Libraries\AsUSB\AsUSB.fun
C:\Users\wongjl\Desktop\job\Github\ipc-Hermes1.5\NAINV104C00R8L515F00\Logical\Libraries\AsUSB\AsUSB.typ
C:\Users\wongjl\Desktop\job\Github\ipc-Hermes1.5\NAINV104C00R8L515F00\Logical\Libraries\AsUSB\AsUSB.var
C:\Users\wongjl\Desktop\job\Github\ipc-Hermes1.5\NAINV104C00R8L515F00\Logical\Libraries\AsRfbExt\AsRfbExt.fun
C:\Users\wongjl\Desktop\job\Github\ipc-Hermes1.5\NAINV104C00R8L515F00\Logical\Libraries\AsRfbExt\AsRfbExt.typ
C:\Users\wongjl\Desktop\job\Github\ipc-Hermes1.5\NAINV104C00R8L515F00\Logical\Libraries\MpCom\MpCom.var
C:\Users\wongjl\Desktop\job\Github\ipc-Hermes1.5\NAINV104C00R8L515F00\Logical\Libraries\MpCom\MpCom.typ
C:\Users\wongjl\Desktop\job\Github\ipc-Hermes1.5\NAINV104C00R8L515F00\Logical\Libraries\MpCom\MpComError.typ
C:\Users\wongjl\Desktop\job\Github\ipc-Hermes1.5\NAINV104C00R8L515F00\Logical\Libraries\MpCom\MpCom.fun
C:\Users\wongjl\Desktop\job\Github\ipc-Hermes1.5\NAINV104C00R8L515F00\Logical\Libraries\MpBase\MpBase.typ
C:\Users\wongjl\Desktop\job\Github\ipc-Hermes1.5\NAINV104C00R8L515F00\Logical\Libraries\MpBase\MpBase.var
C:\Users\wongjl\Desktop\job\Github\ipc-Hermes1.5\NAINV104C00R8L515F00\Logical\Libraries\MpBase\MpBase.fun
C:\Users\wongjl\Desktop\job\Github\ipc-Hermes1.5\NAINV104C00R8L515F00\Logical\Libraries\MpRecipe\MpRecipe.typ
C:\Users\wongjl\Desktop\job\Github\ipc-Hermes1.5\NAINV104C00R8L515F00\Logical\Libraries\MpRecipe\MpRecipeAlarm.typ
C:\Users\wongjl\Desktop\job\Github\ipc-Hermes1.5\NAINV104C00R8L515F00\Logical\Libraries\MpRecipe\MpRecipeError.typ
C:\Users\wongjl\Desktop\job\Github\ipc-Hermes1.5\NAINV104C00R8L515F00\Logical\Libraries\MpRecipe\MpRecipe.fun
C:\Users\wongjl\Desktop\job\Github\ipc-Hermes1.5\NAINV104C00R8L515F00\Logical\Libraries\Acp10man\Acp10man.typ
C:\Users\wongjl\Desktop\job\Github\ipc-Hermes1.5\NAINV104C00R8L515F00\Logical\Libraries\Acp10par\Acp10par.var
C:\Users\wongjl\Desktop\job\Github\ipc-Hermes1.5\NAINV104C00R8L515F00\Logical\Libraries\NcGlobal\NcGlobal.fun
C:\Users\wongjl\Desktop\job\Github\ipc-Hermes1.5\NAINV104C00R8L515F00\Logical\Libraries\NcGlobal\NcGlobal.typ
C:\Users\wongjl\Desktop\job\Github\ipc-Hermes1.5\NAINV104C00R8L515F00\Logical\Libraries\NcGlobal\NcGlobal.var
C:\Users\wongjl\Desktop\job\Github\ipc-Hermes1.5\NAINV104C00R8L515F00\Logical\Libraries\Acp10_MC\acp10_mc.fun
C:\Users\wongjl\Desktop\job\Github\ipc-Hermes1.5\NAINV104C00R8L515F00\Logical\Libraries\Acp10_MC\acp10_mc.typ
C:\Users\wongjl\Desktop\job\Github\ipc-Hermes1.5\NAINV104C00R8L515F00\Logical\Libraries\Acp10_MC\acp10_mc.var
C:\Users\wongjl\Desktop\job\Github\ipc-Hermes1.5\NAINV104C00R8L515F00\Logical\NtLibraries\NtBuffer\NtBuffer.fun
C:\Users\wongjl\Desktop\job\Github\ipc-Hermes1.5\NAINV104C00R8L515F00\Logical\NtLibraries\NtBuffer\Types.typ
C:\Users\wongjl\Desktop\job\Github\ipc-Hermes1.5\NAINV104C00R8L515F00\Logical\NtLibraries\NtBuffer\Constants.var
C:\Users\wongjl\Desktop\job\Github\ipc-Hermes1.5\NAINV104C00R8L515F00\Logical\NtLibraries\NtMem\NtMem.fun
C:\Users\wongjl\Desktop\job\Github\ipc-Hermes1.5\NAINV104C00R8L515F00\Logical\NtLibraries\NtMem\Types.typ
C:\Users\wongjl\Desktop\job\Github\ipc-Hermes1.5\NAINV104C00R8L515F00\Logical\NtLibraries\NtOvenInfo\NtOvenInfo.fun
C:\Users\wongjl\Desktop\job\Github\ipc-Hermes1.5\NAINV104C00R8L515F00\Logical\NtLibraries\NtRS232\NtRS232.fun
C:\Users\wongjl\Desktop\job\Github\ipc-Hermes1.5\NAINV104C00R8L515F00\Logical\NtLibraries\NtRS232\Types.typ
C:\Users\wongjl\Desktop\job\Github\ipc-Hermes1.5\NAINV104C00R8L515F00\Logical\NtLibraries\NtStepper\Types.typ
C:\Users\wongjl\Desktop\job\Github\ipc-Hermes1.5\NAINV104C00R8L515F00\Logical\NtLibraries\NtStepper\Constants.var
C:\Users\wongjl\Desktop\job\Github\ipc-Hermes1.5\NAINV104C00R8L515F00\Logical\NtLibraries\NtStepper\NtStepper.fun
C:\Users\wongjl\Desktop\job\Github\ipc-Hermes1.5\NAINV104C00R8L515F00\Logical\NtLibraries\NtFileIO\NtFileIO.fun
C:\Users\wongjl\Desktop\job\Github\ipc-Hermes1.5\NAINV104C00R8L515F00\Logical\NtLibraries\NtFileIO\Types.typ
C:\Users\wongjl\Desktop\job\Github\ipc-Hermes1.5\NAINV104C00R8L515F00\Logical\NtLibraries\NtLogFile\NtLogFile.fun
C:\Users\wongjl\Desktop\job\Github\ipc-Hermes1.5\NAINV104C00R8L515F00\Logical\NtLibraries\NtLogFile\Types.typ
C:\Users\wongjl\Desktop\job\Github\ipc-Hermes1.5\NAINV104C00R8L515F00\Logical\NtLibraries\NtTLBuz\NtTLBuz.fun
C:\Users\wongjl\Desktop\job\Github\ipc-Hermes1.5\NAINV104C00R8L515F00\Logical\NtLibraries\NtTLBuz\Types.typ
C:\Users\wongjl\Desktop\job\Github\ipc-Hermes1.5\NAINV104C00R8L515F00\Logical\NtLibraries\NtMotion\NtMotion.fun
C:\Users\wongjl\Desktop\job\Github\ipc-Hermes1.5\NAINV104C00R8L515F00\Logical\NtLibraries\NtMotion\Types.typ
C:\Users\wongjl\Desktop\job\Github\ipc-Hermes1.5\NAINV104C00R8L515F00\Logical\NtLibraries\NtPneu\NtPneu.fun
C:\Users\wongjl\Desktop\job\Github\ipc-Hermes1.5\NAINV104C00R8L515F00\Logical\NtLibraries\NtPneu\Types.typ
C:\Users\wongjl\Desktop\job\Github\ipc-Hermes1.5\NAINV104C00R8L515F00\Logical\NtLibraries\NtConv\NtConv.fun
C:\Users\wongjl\Desktop\job\Github\ipc-Hermes1.5\NAINV104C00R8L515F00\Logical\NtLibraries\NtConv\Types.typ
C:\Users\wongjl\Desktop\job\Github\ipc-Hermes1.5\NAINV104C00R8L515F00\Logical\NtLibraries\NtTCP\NtTCP.fun
C:\Users\wongjl\Desktop\job\Github\ipc-Hermes1.5\NAINV104C00R8L515F00\Logical\NtLibraries\NtTCP\Types.typ
C:\Users\wongjl\Desktop\job\Github\ipc-Hermes1.5\NAINV104C00R8L515F00\Logical\NtLibraries\NtTCP\Constants.var
C:\Users\wongjl\Desktop\job\Github\ipc-Hermes1.5\NAINV104C00R8L515F00\Logical\NtLibraries\NtMessage\NtMessage.fun
C:\Users\wongjl\Desktop\job\Github\ipc-Hermes1.5\NAINV104C00R8L515F00\Logical\NtLibraries\NtMessage\Types.typ
C:\Users\wongjl\Desktop\job\Github\ipc-Hermes1.5\NAINV104C00R8L515F00\Logical\NtLibraries\NtSMEMA\NtSMEMA.fun
C:\Users\wongjl\Desktop\job\Github\ipc-Hermes1.5\NAINV104C00R8L515F00\Logical\NtLibraries\NtSMEMA\Types.typ
C:\Users\wongjl\Desktop\job\Github\ipc-Hermes1.5\NAINV104C00R8L515F00\Logical\NtLibraries\NtOPCUA\NtOPCUA.fun
C:\Users\wongjl\Desktop\job\Github\ipc-Hermes1.5\NAINV104C00R8L515F00\Logical\NtLibraries\NtOPCUA\Types.typ
C:\Users\wongjl\Desktop\job\Github\ipc-Hermes1.5\NAINV104C00R8L515F00\Logical\NtLibraries\NtVersion\NtVersion.fun
C:\Users\wongjl\Desktop\job\Github\ipc-Hermes1.5\NAINV104C00R8L515F00\Logical\NtLibraries\NtVersion\Types.typ
C:\Users\wongjl\Desktop\job\Github\ipc-Hermes1.5\NAINV104C00R8L515F00\Logical\NtLibraries\NtVersion\Constant.var
C:\Users\wongjl\Desktop\job\Github\ipc-Hermes1.5\NAINV104C00R8L515F00\Logical\NtLibraries\NtLF\NtLF.fun
C:\Users\wongjl\Desktop\job\Github\ipc-Hermes1.5\NAINV104C00R8L515F00\Logical\NtLibraries\NtLF\Types.typ
C:\Users\wongjl\Desktop\job\Github\ipc-Hermes1.5\NAINV104C00R8L515F00\Logical\NtLibraries\NtLF\Constants.var
C:\Users\wongjl\Desktop\job\Github\ipc-Hermes1.5\NAINV104C00R8L515F00\Logical\NtLibraries\NtRecipe\NtRecipe.fun
C:\Users\wongjl\Desktop\job\Github\ipc-Hermes1.5\NAINV104C00R8L515F00\Logical\NtLibraries\NtRecipe\Types.typ
C:\Users\wongjl\Desktop\job\Github\ipc-Hermes1.5\NAINV104C00R8L515F00\Logical\NtLibraries\NtUI\NtUI.fun
C:\Users\wongjl\Desktop\job\Github\ipc-Hermes1.5\NAINV104C00R8L515F00\Logical\NtLibraries\NtUI\Types.typ
C:\Users\wongjl\Desktop\job\Github\ipc-Hermes1.5\NAINV104C00R8L515F00\Logical\NtLibraries\NtGeneral\NtGeneral.fun
C:\Users\wongjl\Desktop\job\Github\ipc-Hermes1.5\NAINV104C00R8L515F00\Logical\NtLibraries\NtGeneral\Types.typ
C:\Users\wongjl\Desktop\job\Github\ipc-Hermes1.5\NAINV104C00R8L515F00\Logical\NtLibraries\NtHermes\NtHermes.fun
C:\Users\wongjl\Desktop\job\Github\ipc-Hermes1.5\NAINV104C00R8L515F00\Logical\NtLibraries\NtHermes\Types.typ
C:\Users\wongjl\Desktop\job\Github\ipc-Hermes1.5\NAINV104C00R8L515F00\Logical\NtLibraries\NtHermes\Constants.var
C:\Users\wongjl\Desktop\job\Github\ipc-Hermes1.5\NAINV104C00R8L515F00\Logical\UI\UI.typ
C:\Users\wongjl\Desktop\job\Github\ipc-Hermes1.5\NAINV104C00R8L515F00\Logical\UI\UI.var
C:\Users\wongjl\Desktop\job\Github\ipc-Hermes1.5\NAINV104C00R8L515F00\Logical\Startup\Startup.typ
C:\Users\wongjl\Desktop\job\Github\ipc-Hermes1.5\NAINV104C00R8L515F00\Logical\Startup\Startup.var
C:\Users\wongjl\Desktop\job\Github\ipc-Hermes1.5\NAINV104C00R8L515F00\Logical\General\General.typ
C:\Users\wongjl\Desktop\job\Github\ipc-Hermes1.5\NAINV104C00R8L515F00\Logical\General\General.var
C:\Users\wongjl\Desktop\job\Github\ipc-Hermes1.5\NAINV104C00R8L515F00\Logical\UsrFolder\UsrFolder.typ
C:\Users\wongjl\Desktop\job\Github\ipc-Hermes1.5\NAINV104C00R8L515F00\Logical\UsrFolder\UsrFolder.var
C:\Users\wongjl\Desktop\job\Github\ipc-Hermes1.5\NAINV104C00R8L515F00\Logical\LibVer\LibVer.var
C:\Users\wongjl\Desktop\job\Github\ipc-Hermes1.5\NAINV104C00R8L515F00\Logical\LibVer\LibVer.typ
C:\Users\wongjl\Desktop\job\Github\ipc-Hermes1.5\NAINV104C00R8L515F00\Logical\Time\Time.var
C:\Users\wongjl\Desktop\job\Github\ipc-Hermes1.5\NAINV104C00R8L515F00\Logical\Time\Time.typ
C:\Users\wongjl\Desktop\job\Github\ipc-Hermes1.5\NAINV104C00R8L515F00\Logical\HWInfo\HWInfo.typ
C:\Users\wongjl\Desktop\job\Github\ipc-Hermes1.5\NAINV104C00R8L515F00\Logical\HWInfo\HWInfo.var
C:\Users\wongjl\Desktop\job\Github\ipc-Hermes1.5\NAINV104C00R8L515F00\Logical\TLBuz\TLBuz.typ
C:\Users\wongjl\Desktop\job\Github\ipc-Hermes1.5\NAINV104C00R8L515F00\Logical\TLBuz\TLBuz.var
C:\Users\wongjl\Desktop\job\Github\ipc-Hermes1.5\NAINV104C00R8L515F00\Logical\Alarm\Alarm.typ
C:\Users\wongjl\Desktop\job\Github\ipc-Hermes1.5\NAINV104C00R8L515F00\Logical\Alarm\Alarm.var
C:\Users\wongjl\Desktop\job\Github\ipc-Hermes1.5\NAINV104C00R8L515F00\Logical\RstErr\RstErr.typ
C:\Users\wongjl\Desktop\job\Github\ipc-Hermes1.5\NAINV104C00R8L515F00\Logical\RstErr\RstErr.var
C:\Users\wongjl\Desktop\job\Github\ipc-Hermes1.5\NAINV104C00R8L515F00\Logical\ProdRcp\ProdRcp.typ
C:\Users\wongjl\Desktop\job\Github\ipc-Hermes1.5\NAINV104C00R8L515F00\Logical\ProdRcp\ProdRcp.var
C:\Users\wongjl\Desktop\job\Github\ipc-Hermes1.5\NAINV104C00R8L515F00\Logical\MpProdRcp\MpProdRcp.typ
C:\Users\wongjl\Desktop\job\Github\ipc-Hermes1.5\NAINV104C00R8L515F00\Logical\MpProdRcp\MpProdRcp.var
C:\Users\wongjl\Desktop\job\Github\ipc-Hermes1.5\NAINV104C00R8L515F00\Logical\McParam\McParam.var
C:\Users\wongjl\Desktop\job\Github\ipc-Hermes1.5\NAINV104C00R8L515F00\Logical\McParam\McParam.typ
C:\Users\wongjl\Desktop\job\Github\ipc-Hermes1.5\NAINV104C00R8L515F00\Logical\NtParam\NtParam.typ
C:\Users\wongjl\Desktop\job\Github\ipc-Hermes1.5\NAINV104C00R8L515F00\Logical\NtParam\NtParam.var
C:\Users\wongjl\Desktop\job\Github\ipc-Hermes1.5\NAINV104C00R8L515F00\Logical\UsrMgmt\UsrMgmt.typ
C:\Users\wongjl\Desktop\job\Github\ipc-Hermes1.5\NAINV104C00R8L515F00\Logical\UsrMgmt\UsrMgmt.var
C:\Users\wongjl\Desktop\job\Github\ipc-Hermes1.5\NAINV104C00R8L515F00\Logical\SMEMA\SMEMA.typ
C:\Users\wongjl\Desktop\job\Github\ipc-Hermes1.5\NAINV104C00R8L515F00\Logical\SMEMA\USSMEMA.var
C:\Users\wongjl\Desktop\job\Github\ipc-Hermes1.5\NAINV104C00R8L515F00\Logical\SMEMA\DSSMEMA.var
C:\Users\wongjl\Desktop\job\Github\ipc-Hermes1.5\NAINV104C00R8L515F00\Logical\SMEMA\USSMEMA2.var
C:\Users\wongjl\Desktop\job\Github\ipc-Hermes1.5\NAINV104C00R8L515F00\Logical\Pneu\Pneu.typ
C:\Users\wongjl\Desktop\job\Github\ipc-Hermes1.5\NAINV104C00R8L515F00\Logical\Pneu\PneuNoSenStopper.var
C:\Users\wongjl\Desktop\job\Github\ipc-Hermes1.5\NAINV104C00R8L515F00\Logical\Pneu\PneuNoSenClamp.var
C:\Users\wongjl\Desktop\job\Github\ipc-Hermes1.5\NAINV104C00R8L515F00\Logical\Pneu\Pneu2SenInShutter.var
C:\Users\wongjl\Desktop\job\Github\ipc-Hermes1.5\NAINV104C00R8L515F00\Logical\Pneu\Pneu2SenOutShutter.var
C:\Users\wongjl\Desktop\job\Github\ipc-Hermes1.5\NAINV104C00R8L515F00\Logical\Pneu\Pneu2SenClamp1.var
C:\Users\wongjl\Desktop\job\Github\ipc-Hermes1.5\NAINV104C00R8L515F00\Logical\Pneu\Pneu2SenClamp2.var
C:\Users\wongjl\Desktop\job\Github\ipc-Hermes1.5\NAINV104C00R8L515F00\Logical\Pneu\Pneu2SenClamp3.var
C:\Users\wongjl\Desktop\job\Github\ipc-Hermes1.5\NAINV104C00R8L515F00\Logical\Conv\Conv.typ
C:\Users\wongjl\Desktop\job\Github\ipc-Hermes1.5\NAINV104C00R8L515F00\Logical\Conv\Conv.var
C:\Users\wongjl\Desktop\job\Github\ipc-Hermes1.5\NAINV104C00R8L515F00\Logical\CANOpenServo\CANOpenServo.typ
C:\Users\wongjl\Desktop\job\Github\ipc-Hermes1.5\NAINV104C00R8L515F00\Logical\CANOpenServo\AW\AW.typ
C:\Users\wongjl\Desktop\job\Github\ipc-Hermes1.5\NAINV104C00R8L515F00\Logical\CANOpenServo\AW\AWOpen.var
C:\Users\wongjl\Desktop\job\Github\ipc-Hermes1.5\NAINV104C00R8L515F00\Logical\DInput\DInput.var
C:\Users\wongjl\Desktop\job\Github\ipc-Hermes1.5\NAINV104C00R8L515F00\Logical\DInput\DInput.typ
C:\Users\wongjl\Desktop\job\Github\ipc-Hermes1.5\NAINV104C00R8L515F00\Logical\DOutput\DOutput.var
C:\Users\wongjl\Desktop\job\Github\ipc-Hermes1.5\NAINV104C00R8L515F00\Logical\DOutput\DOutput.typ
C:\Users\wongjl\Desktop\job\Github\ipc-Hermes1.5\NAINV104C00R8L515F00\Logical\Hermes\Hermes.typ
C:\Users\wongjl\Desktop\job\Github\ipc-Hermes1.5\NAINV104C00R8L515F00\Logical\Hermes\Hermes.var
C:\Users\wongjl\Desktop\job\Github\ipc-Hermes1.5\NAINV104C00R8L515F00\Logical\Hermes\USHermes.var
C:\Users\wongjl\Desktop\job\Github\ipc-Hermes1.5\NAINV104C00R8L515F00\Logical\Hermes\USHermes2.var
C:\Users\wongjl\Desktop\job\Github\ipc-Hermes1.5\NAINV104C00R8L515F00\Logical\Hermes\DSHermes.var
C:\Users\wongjl\Desktop\job\Github\ipc-Hermes1.5\NAINV104C00R8L515F00\Logical\Hermes\DSHermes2.var
C:\Users\wongjl\Desktop\job\Github\ipc-Hermes1.5\NAINV104C00R8L515F00\Logical\Hermes\RmtHermes.var
C:\Users\wongjl\Desktop\job\Github\ipc-Hermes1.5\NAINV104C00R8L515F00\Logical\Hermes\SvyHermes.var
C:\Users\wongjl\Desktop\job\Github\ipc-Hermes1.5\NAINV104C00R8L515F00\Logical\LF\LF.typ
C:\Users\wongjl\Desktop\job\Github\ipc-Hermes1.5\NAINV104C00R8L515F00\Logical\LF\LFLeader.var
C:\Users\wongjl\Desktop\job\Github\ipc-Hermes1.5\NAINV104C00R8L515F00\Logical\LF\LFFollower.var
C:\Users\wongjl\Desktop\job\Github\ipc-Hermes1.5\NAINV104C00R8L515F00\Logical\LF\Follower1.var
C:\Users\wongjl\Desktop\job\Github\ipc-Hermes1.5\NAINV104C00R8L515F00\Logical\LCS\LCS.typ
C:\Users\wongjl\Desktop\job\Github\ipc-Hermes1.5\NAINV104C00R8L515F00\Logical\LCS\LCS.var
C:\Users\wongjl\Desktop\job\Github\ipc-Hermes1.5\NAINV104C00R8L515F00\Logical\LCS\LCSMngRcp.var
C:\Users\wongjl\Desktop\job\Github\ipc-Hermes1.5\NAINV104C00R8L515F00\Logical\LCS\LCSLF.var
C:\Users\wongjl\Desktop\job\Github\ipc-Hermes1.5\NAINV104C00R8L515F00\Logical\Operations\Ops.typ
C:\Users\wongjl\Desktop\job\Github\ipc-Hermes1.5\NAINV104C00R8L515F00\Logical\Operations\Ops.var
C:\Users\wongjl\Desktop\job\Github\ipc-Hermes1.5\NAINV104C00R8L515F00\Logical\Operations\OpsInvert.var
C:\Users\wongjl\Desktop\job\Github\ipc-Hermes1.5\NAINV104C00R8L515F00\Logical\Operations\OpsInvert.typ
C:\Users\wongjl\Desktop\job\Github\ipc-Hermes1.5\NAINV104C00R8L515F00\Logical\Machine\Machine.var
C:\Users\wongjl\Desktop\job\Github\ipc-Hermes1.5\NAINV104C00R8L515F00\Logical\MotorBrk\MotorBrk.typ
C:\Users\wongjl\Desktop\job\Github\ipc-Hermes1.5\NAINV104C00R8L515F00\Logical\MotorBrk\MotorBrk.var
C:\Users\wongjl\Desktop\job\Github\ipc-Hermes1.5\NAINV104C00R8L515F00\Logical\Simulation\Simu.typ
C:\Users\wongjl\Desktop\job\Github\ipc-Hermes1.5\NAINV104C00R8L515F00\Logical\Simulation\Simu.var
C:\Users\wongjl\Desktop\job\Github\ipc-Hermes1.5\NAINV104C00R8L515F00\Logical\Simulation\SimuInv.var
C:\Users\wongjl\Desktop\job\Github\ipc-Hermes1.5\NAINV104C00R8L515F00\Logical\Simulation\SimuInv.typ
